Archive member included to satisfy reference by file (symbol)

c:/st/stm32cubeide_1.4.0/stm32cubeide/plugins/com.st.stm32cube.ide.mcu.externaltools.gnu-tools-for-stm32.7-2018-q2-update.win32_1.4.0.202007081208/tools/bin/../lib/gcc/arm-none-eabi/7.3.1/../../../../arm-none-eabi/lib/thumb/v7-m\libc_nano.a(lib_a-errno.o)
                              Src/syscalls.o (__errno)
c:/st/stm32cubeide_1.4.0/stm32cubeide/plugins/com.st.stm32cube.ide.mcu.externaltools.gnu-tools-for-stm32.7-2018-q2-update.win32_1.4.0.202007081208/tools/bin/../lib/gcc/arm-none-eabi/7.3.1/../../../../arm-none-eabi/lib/thumb/v7-m\libc_nano.a(lib_a-exit.o)
                              c:/st/stm32cubeide_1.4.0/stm32cubeide/plugins/com.st.stm32cube.ide.mcu.externaltools.gnu-tools-for-stm32.7-2018-q2-update.win32_1.4.0.202007081208/tools/bin/../lib/gcc/arm-none-eabi/7.3.1/../../../../arm-none-eabi/lib/thumb/v7-m/crt0.o (exit)
c:/st/stm32cubeide_1.4.0/stm32cubeide/plugins/com.st.stm32cube.ide.mcu.externaltools.gnu-tools-for-stm32.7-2018-q2-update.win32_1.4.0.202007081208/tools/bin/../lib/gcc/arm-none-eabi/7.3.1/../../../../arm-none-eabi/lib/thumb/v7-m\libc_nano.a(lib_a-impure.o)
                              c:/st/stm32cubeide_1.4.0/stm32cubeide/plugins/com.st.stm32cube.ide.mcu.externaltools.gnu-tools-for-stm32.7-2018-q2-update.win32_1.4.0.202007081208/tools/bin/../lib/gcc/arm-none-eabi/7.3.1/../../../../arm-none-eabi/lib/thumb/v7-m\libc_nano.a(lib_a-exit.o) (_global_impure_ptr)
c:/st/stm32cubeide_1.4.0/stm32cubeide/plugins/com.st.stm32cube.ide.mcu.externaltools.gnu-tools-for-stm32.7-2018-q2-update.win32_1.4.0.202007081208/tools/bin/../lib/gcc/arm-none-eabi/7.3.1/../../../../arm-none-eabi/lib/thumb/v7-m\libc_nano.a(lib_a-init.o)
                              c:/st/stm32cubeide_1.4.0/stm32cubeide/plugins/com.st.stm32cube.ide.mcu.externaltools.gnu-tools-for-stm32.7-2018-q2-update.win32_1.4.0.202007081208/tools/bin/../lib/gcc/arm-none-eabi/7.3.1/../../../../arm-none-eabi/lib/thumb/v7-m/crt0.o (__libc_init_array)
c:/st/stm32cubeide_1.4.0/stm32cubeide/plugins/com.st.stm32cube.ide.mcu.externaltools.gnu-tools-for-stm32.7-2018-q2-update.win32_1.4.0.202007081208/tools/bin/../lib/gcc/arm-none-eabi/7.3.1/../../../../arm-none-eabi/lib/thumb/v7-m\libc_nano.a(lib_a-memset.o)
                              c:/st/stm32cubeide_1.4.0/stm32cubeide/plugins/com.st.stm32cube.ide.mcu.externaltools.gnu-tools-for-stm32.7-2018-q2-update.win32_1.4.0.202007081208/tools/bin/../lib/gcc/arm-none-eabi/7.3.1/../../../../arm-none-eabi/lib/thumb/v7-m/crt0.o (memset)

Allocating common symbols
Common symbol       size              file

g_task1             0x4               Src/main.o
IdleTask            0x34              JARVIS/CortexMX_OS_Porting.o
OS_Ready_Arr        0x190             JARVIS/CortexMX_OS_Porting.o
OS_Control          0x1ac             JARVIS/CortexMX_OS_Porting.o
Task1               0x34              Src/main.o
g_task2             0x4               Src/main.o
Task2               0x34              Src/main.o
g_Mutex1            0x198             Src/main.o
g_idleTask          0x4               Src/main.o
OS_Ready_Queue      0x14              JARVIS/CortexMX_OS_Porting.o

Discarded input sections

 .text          0x0000000000000000        0x0 c:/st/stm32cubeide_1.4.0/stm32cubeide/plugins/com.st.stm32cube.ide.mcu.externaltools.gnu-tools-for-stm32.7-2018-q2-update.win32_1.4.0.202007081208/tools/bin/../lib/gcc/arm-none-eabi/7.3.1/thumb/v7-m/crti.o
 .data          0x0000000000000000        0x0 c:/st/stm32cubeide_1.4.0/stm32cubeide/plugins/com.st.stm32cube.ide.mcu.externaltools.gnu-tools-for-stm32.7-2018-q2-update.win32_1.4.0.202007081208/tools/bin/../lib/gcc/arm-none-eabi/7.3.1/thumb/v7-m/crti.o
 .bss           0x0000000000000000        0x0 c:/st/stm32cubeide_1.4.0/stm32cubeide/plugins/com.st.stm32cube.ide.mcu.externaltools.gnu-tools-for-stm32.7-2018-q2-update.win32_1.4.0.202007081208/tools/bin/../lib/gcc/arm-none-eabi/7.3.1/thumb/v7-m/crti.o
 .data          0x0000000000000000        0x4 c:/st/stm32cubeide_1.4.0/stm32cubeide/plugins/com.st.stm32cube.ide.mcu.externaltools.gnu-tools-for-stm32.7-2018-q2-update.win32_1.4.0.202007081208/tools/bin/../lib/gcc/arm-none-eabi/7.3.1/thumb/v7-m/crtbegin.o
 .text          0x0000000000000000       0x74 c:/st/stm32cubeide_1.4.0/stm32cubeide/plugins/com.st.stm32cube.ide.mcu.externaltools.gnu-tools-for-stm32.7-2018-q2-update.win32_1.4.0.202007081208/tools/bin/../lib/gcc/arm-none-eabi/7.3.1/../../../../arm-none-eabi/lib/thumb/v7-m/crt0.o
 .data          0x0000000000000000        0x0 c:/st/stm32cubeide_1.4.0/stm32cubeide/plugins/com.st.stm32cube.ide.mcu.externaltools.gnu-tools-for-stm32.7-2018-q2-update.win32_1.4.0.202007081208/tools/bin/../lib/gcc/arm-none-eabi/7.3.1/../../../../arm-none-eabi/lib/thumb/v7-m/crt0.o
 .bss           0x0000000000000000        0x0 c:/st/stm32cubeide_1.4.0/stm32cubeide/plugins/com.st.stm32cube.ide.mcu.externaltools.gnu-tools-for-stm32.7-2018-q2-update.win32_1.4.0.202007081208/tools/bin/../lib/gcc/arm-none-eabi/7.3.1/../../../../arm-none-eabi/lib/thumb/v7-m/crt0.o
 .ARM.extab     0x0000000000000000        0x0 c:/st/stm32cubeide_1.4.0/stm32cubeide/plugins/com.st.stm32cube.ide.mcu.externaltools.gnu-tools-for-stm32.7-2018-q2-update.win32_1.4.0.202007081208/tools/bin/../lib/gcc/arm-none-eabi/7.3.1/../../../../arm-none-eabi/lib/thumb/v7-m/crt0.o
 .ARM.exidx     0x0000000000000000        0x8 c:/st/stm32cubeide_1.4.0/stm32cubeide/plugins/com.st.stm32cube.ide.mcu.externaltools.gnu-tools-for-stm32.7-2018-q2-update.win32_1.4.0.202007081208/tools/bin/../lib/gcc/arm-none-eabi/7.3.1/../../../../arm-none-eabi/lib/thumb/v7-m/crt0.o
 .ARM.attributes
                0x0000000000000000       0x1b c:/st/stm32cubeide_1.4.0/stm32cubeide/plugins/com.st.stm32cube.ide.mcu.externaltools.gnu-tools-for-stm32.7-2018-q2-update.win32_1.4.0.202007081208/tools/bin/../lib/gcc/arm-none-eabi/7.3.1/../../../../arm-none-eabi/lib/thumb/v7-m/crt0.o
 .text          0x0000000000000000        0x0 JARVIS/CortexMX_OS_Porting.o
 .data          0x0000000000000000        0x0 JARVIS/CortexMX_OS_Porting.o
 .bss           0x0000000000000000        0x0 JARVIS/CortexMX_OS_Porting.o
 .text          0x0000000000000000        0x0 JARVIS/JARVIS_OS_FIFO.o
 .data          0x0000000000000000        0x0 JARVIS/JARVIS_OS_FIFO.o
 .bss           0x0000000000000000        0x0 JARVIS/JARVIS_OS_FIFO.o
 .text          0x0000000000000000        0x0 JARVIS/schedular.o
 .data          0x0000000000000000        0x0 JARVIS/schedular.o
 .bss           0x0000000000000000        0x0 JARVIS/schedular.o
 .text.IdleHook
                0x0000000000000000        0xe JARVIS/schedular.o
 .text.Jarvis_TerminateTask
                0x0000000000000000       0x42 JARVIS/schedular.o
 .text.Jarvis_PriorityGet
                0x0000000000000000       0x20 JARVIS/schedular.o
 .text.Jarvis_PrioritySet
                0x0000000000000000       0x32 JARVIS/schedular.o
 .text          0x0000000000000000        0x0 Src/main.o
 .data          0x0000000000000000        0x0 Src/main.o
 .bss           0x0000000000000000        0x0 Src/main.o
 .text          0x0000000000000000        0x0 Src/syscalls.o
 .data          0x0000000000000000        0x0 Src/syscalls.o
 .bss           0x0000000000000000        0x0 Src/syscalls.o
 .bss.__env     0x0000000000000000        0x4 Src/syscalls.o
 .data.environ  0x0000000000000000        0x4 Src/syscalls.o
 .text.initialise_monitor_handles
                0x0000000000000000        0xc Src/syscalls.o
 .text._getpid  0x0000000000000000        0xe Src/syscalls.o
 .text._kill    0x0000000000000000       0x20 Src/syscalls.o
 .text._exit    0x0000000000000000       0x14 Src/syscalls.o
 .text._read    0x0000000000000000       0x3a Src/syscalls.o
 .text._write   0x0000000000000000       0x38 Src/syscalls.o
 .text._close   0x0000000000000000       0x16 Src/syscalls.o
 .text._fstat   0x0000000000000000       0x1e Src/syscalls.o
 .text._isatty  0x0000000000000000       0x14 Src/syscalls.o
 .text._lseek   0x0000000000000000       0x18 Src/syscalls.o
 .text._open    0x0000000000000000       0x1a Src/syscalls.o
 .text._wait    0x0000000000000000       0x1e Src/syscalls.o
 .text._unlink  0x0000000000000000       0x1e Src/syscalls.o
 .text._times   0x0000000000000000       0x16 Src/syscalls.o
 .text._stat    0x0000000000000000       0x1e Src/syscalls.o
 .text._link    0x0000000000000000       0x20 Src/syscalls.o
 .text._fork    0x0000000000000000       0x16 Src/syscalls.o
 .text._execve  0x0000000000000000       0x22 Src/syscalls.o
 .debug_info    0x0000000000000000     0x1034 Src/syscalls.o
 .debug_abbrev  0x0000000000000000      0x251 Src/syscalls.o
 .debug_loc     0x0000000000000000      0x5b8 Src/syscalls.o
 .debug_aranges
                0x0000000000000000       0xa8 Src/syscalls.o
 .debug_ranges  0x0000000000000000       0x98 Src/syscalls.o
 .debug_line    0x0000000000000000      0x507 Src/syscalls.o
 .debug_str     0x0000000000000000      0x842 Src/syscalls.o
 .comment       0x0000000000000000       0x7c Src/syscalls.o
 .debug_frame   0x0000000000000000      0x2ac Src/syscalls.o
 .ARM.attributes
                0x0000000000000000       0x33 Src/syscalls.o
 .text          0x0000000000000000        0x0 Src/sysmem.o
 .data          0x0000000000000000        0x0 Src/sysmem.o
 .bss           0x0000000000000000        0x0 Src/sysmem.o
 .bss.__sbrk_heap_end
                0x0000000000000000        0x4 Src/sysmem.o
 .text._sbrk    0x0000000000000000       0x6c Src/sysmem.o
 .debug_info    0x0000000000000000      0xa78 Src/sysmem.o
 .debug_abbrev  0x0000000000000000      0x18b Src/sysmem.o
 .debug_loc     0x0000000000000000       0x50 Src/sysmem.o
 .debug_aranges
                0x0000000000000000       0x20 Src/sysmem.o
 .debug_ranges  0x0000000000000000       0x10 Src/sysmem.o
 .debug_line    0x0000000000000000      0x2ca Src/sysmem.o
 .debug_str     0x0000000000000000      0x66a Src/sysmem.o
 .comment       0x0000000000000000       0x7c Src/sysmem.o
 .debug_frame   0x0000000000000000       0x34 Src/sysmem.o
 .ARM.attributes
                0x0000000000000000       0x33 Src/sysmem.o
 .text          0x0000000000000000       0x14 Startup/startup_stm32f103c8tx.o
 .data          0x0000000000000000        0x0 Startup/startup_stm32f103c8tx.o
 .bss           0x0000000000000000        0x0 Startup/startup_stm32f103c8tx.o
 .text          0x0000000000000000        0x0 c:/st/stm32cubeide_1.4.0/stm32cubeide/plugins/com.st.stm32cube.ide.mcu.externaltools.gnu-tools-for-stm32.7-2018-q2-update.win32_1.4.0.202007081208/tools/bin/../lib/gcc/arm-none-eabi/7.3.1/../../../../arm-none-eabi/lib/thumb/v7-m\libc_nano.a(lib_a-errno.o)
 .data          0x0000000000000000        0x0 c:/st/stm32cubeide_1.4.0/stm32cubeide/plugins/com.st.stm32cube.ide.mcu.externaltools.gnu-tools-for-stm32.7-2018-q2-update.win32_1.4.0.202007081208/tools/bin/../lib/gcc/arm-none-eabi/7.3.1/../../../../arm-none-eabi/lib/thumb/v7-m\libc_nano.a(lib_a-errno.o)
 .bss           0x0000000000000000        0x0 c:/st/stm32cubeide_1.4.0/stm32cubeide/plugins/com.st.stm32cube.ide.mcu.externaltools.gnu-tools-for-stm32.7-2018-q2-update.win32_1.4.0.202007081208/tools/bin/../lib/gcc/arm-none-eabi/7.3.1/../../../../arm-none-eabi/lib/thumb/v7-m\libc_nano.a(lib_a-errno.o)
 .text.__errno  0x0000000000000000        0xc c:/st/stm32cubeide_1.4.0/stm32cubeide/plugins/com.st.stm32cube.ide.mcu.externaltools.gnu-tools-for-stm32.7-2018-q2-update.win32_1.4.0.202007081208/tools/bin/../lib/gcc/arm-none-eabi/7.3.1/../../../../arm-none-eabi/lib/thumb/v7-m\libc_nano.a(lib_a-errno.o)
 .debug_frame   0x0000000000000000       0x20 c:/st/stm32cubeide_1.4.0/stm32cubeide/plugins/com.st.stm32cube.ide.mcu.externaltools.gnu-tools-for-stm32.7-2018-q2-update.win32_1.4.0.202007081208/tools/bin/../lib/gcc/arm-none-eabi/7.3.1/../../../../arm-none-eabi/lib/thumb/v7-m\libc_nano.a(lib_a-errno.o)
 .ARM.attributes
                0x0000000000000000       0x2d c:/st/stm32cubeide_1.4.0/stm32cubeide/plugins/com.st.stm32cube.ide.mcu.externaltools.gnu-tools-for-stm32.7-2018-q2-update.win32_1.4.0.202007081208/tools/bin/../lib/gcc/arm-none-eabi/7.3.1/../../../../arm-none-eabi/lib/thumb/v7-m\libc_nano.a(lib_a-errno.o)
 .text          0x0000000000000000        0x0 c:/st/stm32cubeide_1.4.0/stm32cubeide/plugins/com.st.stm32cube.ide.mcu.externaltools.gnu-tools-for-stm32.7-2018-q2-update.win32_1.4.0.202007081208/tools/bin/../lib/gcc/arm-none-eabi/7.3.1/../../../../arm-none-eabi/lib/thumb/v7-m\libc_nano.a(lib_a-exit.o)
 .data          0x0000000000000000        0x0 c:/st/stm32cubeide_1.4.0/stm32cubeide/plugins/com.st.stm32cube.ide.mcu.externaltools.gnu-tools-for-stm32.7-2018-q2-update.win32_1.4.0.202007081208/tools/bin/../lib/gcc/arm-none-eabi/7.3.1/../../../../arm-none-eabi/lib/thumb/v7-m\libc_nano.a(lib_a-exit.o)
 .bss           0x0000000000000000        0x0 c:/st/stm32cubeide_1.4.0/stm32cubeide/plugins/com.st.stm32cube.ide.mcu.externaltools.gnu-tools-for-stm32.7-2018-q2-update.win32_1.4.0.202007081208/tools/bin/../lib/gcc/arm-none-eabi/7.3.1/../../../../arm-none-eabi/lib/thumb/v7-m\libc_nano.a(lib_a-exit.o)
 .text.exit     0x0000000000000000       0x28 c:/st/stm32cubeide_1.4.0/stm32cubeide/plugins/com.st.stm32cube.ide.mcu.externaltools.gnu-tools-for-stm32.7-2018-q2-update.win32_1.4.0.202007081208/tools/bin/../lib/gcc/arm-none-eabi/7.3.1/../../../../arm-none-eabi/lib/thumb/v7-m\libc_nano.a(lib_a-exit.o)
 .debug_frame   0x0000000000000000       0x28 c:/st/stm32cubeide_1.4.0/stm32cubeide/plugins/com.st.stm32cube.ide.mcu.externaltools.gnu-tools-for-stm32.7-2018-q2-update.win32_1.4.0.202007081208/tools/bin/../lib/gcc/arm-none-eabi/7.3.1/../../../../arm-none-eabi/lib/thumb/v7-m\libc_nano.a(lib_a-exit.o)
 .ARM.attributes
                0x0000000000000000       0x2d c:/st/stm32cubeide_1.4.0/stm32cubeide/plugins/com.st.stm32cube.ide.mcu.externaltools.gnu-tools-for-stm32.7-2018-q2-update.win32_1.4.0.202007081208/tools/bin/../lib/gcc/arm-none-eabi/7.3.1/../../../../arm-none-eabi/lib/thumb/v7-m\libc_nano.a(lib_a-exit.o)
 .text          0x0000000000000000        0x0 c:/st/stm32cubeide_1.4.0/stm32cubeide/plugins/com.st.stm32cube.ide.mcu.externaltools.gnu-tools-for-stm32.7-2018-q2-update.win32_1.4.0.202007081208/tools/bin/../lib/gcc/arm-none-eabi/7.3.1/../../../../arm-none-eabi/lib/thumb/v7-m\libc_nano.a(lib_a-impure.o)
 .data          0x0000000000000000        0x0 c:/st/stm32cubeide_1.4.0/stm32cubeide/plugins/com.st.stm32cube.ide.mcu.externaltools.gnu-tools-for-stm32.7-2018-q2-update.win32_1.4.0.202007081208/tools/bin/../lib/gcc/arm-none-eabi/7.3.1/../../../../arm-none-eabi/lib/thumb/v7-m\libc_nano.a(lib_a-impure.o)
 .bss           0x0000000000000000        0x0 c:/st/stm32cubeide_1.4.0/stm32cubeide/plugins/com.st.stm32cube.ide.mcu.externaltools.gnu-tools-for-stm32.7-2018-q2-update.win32_1.4.0.202007081208/tools/bin/../lib/gcc/arm-none-eabi/7.3.1/../../../../arm-none-eabi/lib/thumb/v7-m\libc_nano.a(lib_a-impure.o)
 .data._impure_ptr
                0x0000000000000000        0x4 c:/st/stm32cubeide_1.4.0/stm32cubeide/plugins/com.st.stm32cube.ide.mcu.externaltools.gnu-tools-for-stm32.7-2018-q2-update.win32_1.4.0.202007081208/tools/bin/../lib/gcc/arm-none-eabi/7.3.1/../../../../arm-none-eabi/lib/thumb/v7-m\libc_nano.a(lib_a-impure.o)
 .data.impure_data
                0x0000000000000000       0x60 c:/st/stm32cubeide_1.4.0/stm32cubeide/plugins/com.st.stm32cube.ide.mcu.externaltools.gnu-tools-for-stm32.7-2018-q2-update.win32_1.4.0.202007081208/tools/bin/../lib/gcc/arm-none-eabi/7.3.1/../../../../arm-none-eabi/lib/thumb/v7-m\libc_nano.a(lib_a-impure.o)
 .rodata._global_impure_ptr
                0x0000000000000000        0x4 c:/st/stm32cubeide_1.4.0/stm32cubeide/plugins/com.st.stm32cube.ide.mcu.externaltools.gnu-tools-for-stm32.7-2018-q2-update.win32_1.4.0.202007081208/tools/bin/../lib/gcc/arm-none-eabi/7.3.1/../../../../arm-none-eabi/lib/thumb/v7-m\libc_nano.a(lib_a-impure.o)
 .ARM.attributes
                0x0000000000000000       0x2d c:/st/stm32cubeide_1.4.0/stm32cubeide/plugins/com.st.stm32cube.ide.mcu.externaltools.gnu-tools-for-stm32.7-2018-q2-update.win32_1.4.0.202007081208/tools/bin/../lib/gcc/arm-none-eabi/7.3.1/../../../../arm-none-eabi/lib/thumb/v7-m\libc_nano.a(lib_a-impure.o)
 .text          0x0000000000000000        0x0 c:/st/stm32cubeide_1.4.0/stm32cubeide/plugins/com.st.stm32cube.ide.mcu.externaltools.gnu-tools-for-stm32.7-2018-q2-update.win32_1.4.0.202007081208/tools/bin/../lib/gcc/arm-none-eabi/7.3.1/../../../../arm-none-eabi/lib/thumb/v7-m\libc_nano.a(lib_a-init.o)
 .data          0x0000000000000000        0x0 c:/st/stm32cubeide_1.4.0/stm32cubeide/plugins/com.st.stm32cube.ide.mcu.externaltools.gnu-tools-for-stm32.7-2018-q2-update.win32_1.4.0.202007081208/tools/bin/../lib/gcc/arm-none-eabi/7.3.1/../../../../arm-none-eabi/lib/thumb/v7-m\libc_nano.a(lib_a-init.o)
 .bss           0x0000000000000000        0x0 c:/st/stm32cubeide_1.4.0/stm32cubeide/plugins/com.st.stm32cube.ide.mcu.externaltools.gnu-tools-for-stm32.7-2018-q2-update.win32_1.4.0.202007081208/tools/bin/../lib/gcc/arm-none-eabi/7.3.1/../../../../arm-none-eabi/lib/thumb/v7-m\libc_nano.a(lib_a-init.o)
 .text          0x0000000000000000        0x0 c:/st/stm32cubeide_1.4.0/stm32cubeide/plugins/com.st.stm32cube.ide.mcu.externaltools.gnu-tools-for-stm32.7-2018-q2-update.win32_1.4.0.202007081208/tools/bin/../lib/gcc/arm-none-eabi/7.3.1/../../../../arm-none-eabi/lib/thumb/v7-m\libc_nano.a(lib_a-memset.o)
 .data          0x0000000000000000        0x0 c:/st/stm32cubeide_1.4.0/stm32cubeide/plugins/com.st.stm32cube.ide.mcu.externaltools.gnu-tools-for-stm32.7-2018-q2-update.win32_1.4.0.202007081208/tools/bin/../lib/gcc/arm-none-eabi/7.3.1/../../../../arm-none-eabi/lib/thumb/v7-m\libc_nano.a(lib_a-memset.o)
 .bss           0x0000000000000000        0x0 c:/st/stm32cubeide_1.4.0/stm32cubeide/plugins/com.st.stm32cube.ide.mcu.externaltools.gnu-tools-for-stm32.7-2018-q2-update.win32_1.4.0.202007081208/tools/bin/../lib/gcc/arm-none-eabi/7.3.1/../../../../arm-none-eabi/lib/thumb/v7-m\libc_nano.a(lib_a-memset.o)
 .text.memset   0x0000000000000000       0x10 c:/st/stm32cubeide_1.4.0/stm32cubeide/plugins/com.st.stm32cube.ide.mcu.externaltools.gnu-tools-for-stm32.7-2018-q2-update.win32_1.4.0.202007081208/tools/bin/../lib/gcc/arm-none-eabi/7.3.1/../../../../arm-none-eabi/lib/thumb/v7-m\libc_nano.a(lib_a-memset.o)
 .debug_frame   0x0000000000000000       0x20 c:/st/stm32cubeide_1.4.0/stm32cubeide/plugins/com.st.stm32cube.ide.mcu.externaltools.gnu-tools-for-stm32.7-2018-q2-update.win32_1.4.0.202007081208/tools/bin/../lib/gcc/arm-none-eabi/7.3.1/../../../../arm-none-eabi/lib/thumb/v7-m\libc_nano.a(lib_a-memset.o)
 .ARM.attributes
                0x0000000000000000       0x2d c:/st/stm32cubeide_1.4.0/stm32cubeide/plugins/com.st.stm32cube.ide.mcu.externaltools.gnu-tools-for-stm32.7-2018-q2-update.win32_1.4.0.202007081208/tools/bin/../lib/gcc/arm-none-eabi/7.3.1/../../../../arm-none-eabi/lib/thumb/v7-m\libc_nano.a(lib_a-memset.o)
 .text          0x0000000000000000        0x0 c:/st/stm32cubeide_1.4.0/stm32cubeide/plugins/com.st.stm32cube.ide.mcu.externaltools.gnu-tools-for-stm32.7-2018-q2-update.win32_1.4.0.202007081208/tools/bin/../lib/gcc/arm-none-eabi/7.3.1/thumb/v7-m/crtend.o
 .data          0x0000000000000000        0x0 c:/st/stm32cubeide_1.4.0/stm32cubeide/plugins/com.st.stm32cube.ide.mcu.externaltools.gnu-tools-for-stm32.7-2018-q2-update.win32_1.4.0.202007081208/tools/bin/../lib/gcc/arm-none-eabi/7.3.1/thumb/v7-m/crtend.o
 .bss           0x0000000000000000        0x0 c:/st/stm32cubeide_1.4.0/stm32cubeide/plugins/com.st.stm32cube.ide.mcu.externaltools.gnu-tools-for-stm32.7-2018-q2-update.win32_1.4.0.202007081208/tools/bin/../lib/gcc/arm-none-eabi/7.3.1/thumb/v7-m/crtend.o
 .eh_frame      0x0000000000000000        0x4 c:/st/stm32cubeide_1.4.0/stm32cubeide/plugins/com.st.stm32cube.ide.mcu.externaltools.gnu-tools-for-stm32.7-2018-q2-update.win32_1.4.0.202007081208/tools/bin/../lib/gcc/arm-none-eabi/7.3.1/thumb/v7-m/crtend.o
 .ARM.attributes
                0x0000000000000000       0x2d c:/st/stm32cubeide_1.4.0/stm32cubeide/plugins/com.st.stm32cube.ide.mcu.externaltools.gnu-tools-for-stm32.7-2018-q2-update.win32_1.4.0.202007081208/tools/bin/../lib/gcc/arm-none-eabi/7.3.1/thumb/v7-m/crtend.o
 .text          0x0000000000000000        0x0 c:/st/stm32cubeide_1.4.0/stm32cubeide/plugins/com.st.stm32cube.ide.mcu.externaltools.gnu-tools-for-stm32.7-2018-q2-update.win32_1.4.0.202007081208/tools/bin/../lib/gcc/arm-none-eabi/7.3.1/thumb/v7-m/crtn.o
 .data          0x0000000000000000        0x0 c:/st/stm32cubeide_1.4.0/stm32cubeide/plugins/com.st.stm32cube.ide.mcu.externaltools.gnu-tools-for-stm32.7-2018-q2-update.win32_1.4.0.202007081208/tools/bin/../lib/gcc/arm-none-eabi/7.3.1/thumb/v7-m/crtn.o
 .bss           0x0000000000000000        0x0 c:/st/stm32cubeide_1.4.0/stm32cubeide/plugins/com.st.stm32cube.ide.mcu.externaltools.gnu-tools-for-stm32.7-2018-q2-update.win32_1.4.0.202007081208/tools/bin/../lib/gcc/arm-none-eabi/7.3.1/thumb/v7-m/crtn.o

Memory Configuration

Name             Origin             Length             Attributes
RAM              0x0000000020000000 0x0000000000005000 xrw
FLASH            0x0000000008000000 0x0000000000010000 xr
*default*        0x0000000000000000 0xffffffffffffffff

Linker script and memory map

LOAD c:/st/stm32cubeide_1.4.0/stm32cubeide/plugins/com.st.stm32cube.ide.mcu.externaltools.gnu-tools-for-stm32.7-2018-q2-update.win32_1.4.0.202007081208/tools/bin/../lib/gcc/arm-none-eabi/7.3.1/thumb/v7-m/crti.o
LOAD c:/st/stm32cubeide_1.4.0/stm32cubeide/plugins/com.st.stm32cube.ide.mcu.externaltools.gnu-tools-for-stm32.7-2018-q2-update.win32_1.4.0.202007081208/tools/bin/../lib/gcc/arm-none-eabi/7.3.1/thumb/v7-m/crtbegin.o
LOAD c:/st/stm32cubeide_1.4.0/stm32cubeide/plugins/com.st.stm32cube.ide.mcu.externaltools.gnu-tools-for-stm32.7-2018-q2-update.win32_1.4.0.202007081208/tools/bin/../lib/gcc/arm-none-eabi/7.3.1/../../../../arm-none-eabi/lib/thumb/v7-m/crt0.o
LOAD JARVIS/CortexMX_OS_Porting.o
LOAD JARVIS/JARVIS_OS_FIFO.o
LOAD JARVIS/schedular.o
LOAD Src/main.o
LOAD Src/syscalls.o
LOAD Src/sysmem.o
LOAD Startup/startup_stm32f103c8tx.o
START GROUP
LOAD c:/st/stm32cubeide_1.4.0/stm32cubeide/plugins/com.st.stm32cube.ide.mcu.externaltools.gnu-tools-for-stm32.7-2018-q2-update.win32_1.4.0.202007081208/tools/bin/../lib/gcc/arm-none-eabi/7.3.1/../../../../arm-none-eabi/lib/thumb/v7-m\libc_nano.a
LOAD c:/st/stm32cubeide_1.4.0/stm32cubeide/plugins/com.st.stm32cube.ide.mcu.externaltools.gnu-tools-for-stm32.7-2018-q2-update.win32_1.4.0.202007081208/tools/bin/../lib/gcc/arm-none-eabi/7.3.1/../../../../arm-none-eabi/lib/thumb/v7-m\libm.a
END GROUP
START GROUP
LOAD c:/st/stm32cubeide_1.4.0/stm32cubeide/plugins/com.st.stm32cube.ide.mcu.externaltools.gnu-tools-for-stm32.7-2018-q2-update.win32_1.4.0.202007081208/tools/bin/../lib/gcc/arm-none-eabi/7.3.1/thumb/v7-m\libgcc.a
LOAD c:/st/stm32cubeide_1.4.0/stm32cubeide/plugins/com.st.stm32cube.ide.mcu.externaltools.gnu-tools-for-stm32.7-2018-q2-update.win32_1.4.0.202007081208/tools/bin/../lib/gcc/arm-none-eabi/7.3.1/../../../../arm-none-eabi/lib/thumb/v7-m\libc_nano.a
END GROUP
START GROUP
LOAD c:/st/stm32cubeide_1.4.0/stm32cubeide/plugins/com.st.stm32cube.ide.mcu.externaltools.gnu-tools-for-stm32.7-2018-q2-update.win32_1.4.0.202007081208/tools/bin/../lib/gcc/arm-none-eabi/7.3.1/thumb/v7-m\libgcc.a
LOAD c:/st/stm32cubeide_1.4.0/stm32cubeide/plugins/com.st.stm32cube.ide.mcu.externaltools.gnu-tools-for-stm32.7-2018-q2-update.win32_1.4.0.202007081208/tools/bin/../lib/gcc/arm-none-eabi/7.3.1/../../../../arm-none-eabi/lib/thumb/v7-m\libc_nano.a
LOAD c:/st/stm32cubeide_1.4.0/stm32cubeide/plugins/com.st.stm32cube.ide.mcu.externaltools.gnu-tools-for-stm32.7-2018-q2-update.win32_1.4.0.202007081208/tools/bin/../lib/gcc/arm-none-eabi/7.3.1/../../../../arm-none-eabi/lib/thumb/v7-m\libnosys.a
END GROUP
START GROUP
LOAD c:/st/stm32cubeide_1.4.0/stm32cubeide/plugins/com.st.stm32cube.ide.mcu.externaltools.gnu-tools-for-stm32.7-2018-q2-update.win32_1.4.0.202007081208/tools/bin/../lib/gcc/arm-none-eabi/7.3.1/thumb/v7-m\libgcc.a
LOAD c:/st/stm32cubeide_1.4.0/stm32cubeide/plugins/com.st.stm32cube.ide.mcu.externaltools.gnu-tools-for-stm32.7-2018-q2-update.win32_1.4.0.202007081208/tools/bin/../lib/gcc/arm-none-eabi/7.3.1/../../../../arm-none-eabi/lib/thumb/v7-m\libc_nano.a
LOAD c:/st/stm32cubeide_1.4.0/stm32cubeide/plugins/com.st.stm32cube.ide.mcu.externaltools.gnu-tools-for-stm32.7-2018-q2-update.win32_1.4.0.202007081208/tools/bin/../lib/gcc/arm-none-eabi/7.3.1/../../../../arm-none-eabi/lib/thumb/v7-m\libnosys.a
END GROUP
LOAD c:/st/stm32cubeide_1.4.0/stm32cubeide/plugins/com.st.stm32cube.ide.mcu.externaltools.gnu-tools-for-stm32.7-2018-q2-update.win32_1.4.0.202007081208/tools/bin/../lib/gcc/arm-none-eabi/7.3.1/thumb/v7-m/crtend.o
LOAD c:/st/stm32cubeide_1.4.0/stm32cubeide/plugins/com.st.stm32cube.ide.mcu.externaltools.gnu-tools-for-stm32.7-2018-q2-update.win32_1.4.0.202007081208/tools/bin/../lib/gcc/arm-none-eabi/7.3.1/thumb/v7-m/crtn.o
                0x0000000020005000                _estack = (ORIGIN (RAM) + LENGTH (RAM))
                0x0000000000000200                _Min_Heap_Size = 0x200
                0x0000000000000400                _Min_Stack_Size = 0x400

.isr_vector     0x0000000008000000      0x130
                0x0000000008000000                . = ALIGN (0x4)
 *(.isr_vector)
 .isr_vector    0x0000000008000000      0x130 Startup/startup_stm32f103c8tx.o
                0x0000000008000000                g_pfnVectors
                0x0000000008000130                . = ALIGN (0x4)

.text           0x0000000008000130     0x106c
                0x0000000008000130                . = ALIGN (0x4)
 *(.text)
 .text          0x0000000008000130       0x40 c:/st/stm32cubeide_1.4.0/stm32cubeide/plugins/com.st.stm32cube.ide.mcu.externaltools.gnu-tools-for-stm32.7-2018-q2-update.win32_1.4.0.202007081208/tools/bin/../lib/gcc/arm-none-eabi/7.3.1/thumb/v7-m/crtbegin.o
 *(.text*)
 .text.__NVIC_SetPriority
                0x0000000008000170       0x54 JARVIS/CortexMX_OS_Porting.o
 .text.SysTick_Config
                0x00000000080001c4       0x44 JARVIS/CortexMX_OS_Porting.o
 .text.HW_init  0x0000000008000208       0x1e JARVIS/CortexMX_OS_Porting.o
                0x0000000008000208                HW_init
 .text.HardFault_Handler
                0x0000000008000226        0x6 JARVIS/CortexMX_OS_Porting.o
                0x0000000008000226                HardFault_Handler
 .text.MemManage_Handler
                0x000000000800022c        0x6 JARVIS/CortexMX_OS_Porting.o
                0x000000000800022c                MemManage_Handler
 .text.BusFault_Handler
                0x0000000008000232        0x6 JARVIS/CortexMX_OS_Porting.o
                0x0000000008000232                BusFault_Handler
 .text.UsageFault_Handler
                0x0000000008000238        0x6 JARVIS/CortexMX_OS_Porting.o
                0x0000000008000238                UsageFault_Handler
 .text.SVC_Handler
                0x000000000800023e       0x14 JARVIS/CortexMX_OS_Porting.o
                0x000000000800023e                SVC_Handler
 .text.SystickHook
                0x0000000008000252        0xe JARVIS/CortexMX_OS_Porting.o
                0x0000000008000252                SystickHook
 .text.SysTick_Handler
                0x0000000008000260       0x30 JARVIS/CortexMX_OS_Porting.o
                0x0000000008000260                SysTick_Handler
 .text.Trigger_PendSV
                0x0000000008000290       0x1c JARVIS/CortexMX_OS_Porting.o
                0x0000000008000290                Trigger_PendSV
 .text.StartOSTicker
                0x00000000080002ac       0x1c JARVIS/CortexMX_OS_Porting.o
                0x00000000080002ac                StartOSTicker
 .text.FIFO_init
                0x00000000080002c8       0x62 JARVIS/JARVIS_OS_FIFO.o
                0x00000000080002c8                FIFO_init
 .text.FIFO_enqueue
                0x000000000800032a       0x86 JARVIS/JARVIS_OS_FIFO.o
                0x000000000800032a                FIFO_enqueue
 .text.FIFO_dequeue
                0x00000000080003b0       0x80 JARVIS/JARVIS_OS_FIFO.o
                0x00000000080003b0                FIFO_dequeue
 .text.FIFO_is_full
                0x0000000008000430       0x46 JARVIS/JARVIS_OS_FIFO.o
                0x0000000008000430                FIFO_is_full
 .text.FIFO_is_empty
                0x0000000008000476       0x42 JARVIS/JARVIS_OS_FIFO.o
                0x0000000008000476                FIFO_is_empty
 .text.JARVIS_IdleTask
                0x00000000080004b8        0xc JARVIS/schedular.o
                0x00000000080004b8                JARVIS_IdleTask
 .text.OS_CreateMainStack
                0x00000000080004c4       0x5c JARVIS/schedular.o
                0x00000000080004c4                OS_CreateMainStack
 .text.Jarvis_init
                0x0000000008000520       0x94 JARVIS/schedular.o
                0x0000000008000520                Jarvis_init
 .text.CreateTaskStack
                0x00000000080005b4       0xcc JARVIS/schedular.o
                0x00000000080005b4                CreateTaskStack
 .text.Jarvis_CreateTask
                0x0000000008000680       0x88 JARVIS/schedular.o
                0x0000000008000680                Jarvis_CreateTask
 .text.Sort_Schedular_Table
                0x0000000008000708       0x94 JARVIS/schedular.o
                0x0000000008000708                Sort_Schedular_Table
 .text.UpdateReadyQueue
                0x000000000800079c       0xec JARVIS/schedular.o
                0x000000000800079c                UpdateReadyQueue
 .text.UpdateSchedularTable
                0x0000000008000888       0x1c JARVIS/schedular.o
                0x0000000008000888                UpdateSchedularTable
 .text.Decide_NextTask
                0x00000000080008a4       0x94 JARVIS/schedular.o
                0x00000000080008a4                Decide_NextTask
 .text.Jarvis_StartSchedular
                0x0000000008000938       0x44 JARVIS/schedular.o
                0x0000000008000938                Jarvis_StartSchedular
 .text.Jarvis_UpdateTasksWaitingTime
                0x000000000800097c       0x70 JARVIS/schedular.o
                0x000000000800097c                Jarvis_UpdateTasksWaitingTime
 .text.Jarvis_ActivateTask
                0x00000000080009ec       0x42 JARVIS/schedular.o
                0x00000000080009ec                Jarvis_ActivateTask
 .text.Jarvis_waitTicks
                0x0000000008000a2e       0x52 JARVIS/schedular.o
                0x0000000008000a2e                Jarvis_waitTicks
 .text.Jarvis_AcquireMutex
                0x0000000008000a80       0xd0 JARVIS/schedular.o
                0x0000000008000a80                Jarvis_AcquireMutex
 .text.Jarvis_ReleaseMutex
                0x0000000008000b50      0x150 JARVIS/schedular.o
                0x0000000008000b50                Jarvis_ReleaseMutex
 .text.Jarvis_TriggerSVC
                0x0000000008000ca0       0x5c JARVIS/schedular.o
                0x0000000008000ca0                Jarvis_TriggerSVC
 .text.SVC_SW_HANDLER
                0x0000000008000cfc      0x100 JARVIS/schedular.o
                0x0000000008000cfc                SVC_SW_HANDLER
 .text.PendSV_Handler
                0x0000000008000dfc      0x1d8 JARVIS/schedular.o
                0x0000000008000dfc                PendSV_Handler
 .text.IdleHook
                0x0000000008000fd4       0x1c Src/main.o
                0x0000000008000fd4                IdleHook
 .text.Task1_entry
                0x0000000008000ff0       0x38 Src/main.o
                0x0000000008000ff0                Task1_entry
 .text.Task2_entry
                0x0000000008001028       0x30 Src/main.o
                0x0000000008001028                Task2_entry
 .text.main     0x0000000008001058       0x90 Src/main.o
                0x0000000008001058                main
 .text.Reset_Handler
                0x00000000080010e8       0x50 Startup/startup_stm32f103c8tx.o
                0x00000000080010e8                Reset_Handler
 .text.Default_Handler
                0x0000000008001138        0x2 Startup/startup_stm32f103c8tx.o
                0x0000000008001138                EXTI2_IRQHandler
                0x0000000008001138                TIM8_TRG_COM_IRQHandler
                0x0000000008001138                TIM8_CC_IRQHandler
                0x0000000008001138                DebugMon_Handler
                0x0000000008001138                TIM1_CC_IRQHandler
                0x0000000008001138                TIM6_IRQHandler
                0x0000000008001138                PVD_IRQHandler
                0x0000000008001138                SDIO_IRQHandler
                0x0000000008001138                NMI_Handler
                0x0000000008001138                EXTI3_IRQHandler
                0x0000000008001138                USB_HP_CAN_TX_IRQHandler
                0x0000000008001138                EXTI0_IRQHandler
                0x0000000008001138                I2C2_EV_IRQHandler
                0x0000000008001138                ADC1_2_IRQHandler
                0x0000000008001138                SPI1_IRQHandler
                0x0000000008001138                CAN_SCE_IRQHandler
                0x0000000008001138                TAMPER_IRQHandler
                0x0000000008001138                TIM8_UP_IRQHandler
                0x0000000008001138                DMA2_Channel2_IRQHandler
                0x0000000008001138                DMA1_Channel4_IRQHandler
                0x0000000008001138                USART3_IRQHandler
                0x0000000008001138                RTC_IRQHandler
                0x0000000008001138                DMA1_Channel7_IRQHandler
                0x0000000008001138                UART5_IRQHandler
                0x0000000008001138                ADC3_IRQHandler
                0x0000000008001138                TIM4_IRQHandler
                0x0000000008001138                CAN_RX1_IRQHandler
                0x0000000008001138                DMA2_Channel1_IRQHandler
                0x0000000008001138                I2C1_EV_IRQHandler
                0x0000000008001138                DMA1_Channel6_IRQHandler
                0x0000000008001138                UART4_IRQHandler
                0x0000000008001138                TIM3_IRQHandler
                0x0000000008001138                RCC_IRQHandler
                0x0000000008001138                TIM1_TRG_COM_IRQHandler
                0x0000000008001138                DMA1_Channel1_IRQHandler
                0x0000000008001138                Default_Handler
                0x0000000008001138                EXTI15_10_IRQHandler
                0x0000000008001138                TIM7_IRQHandler
                0x0000000008001138                TIM5_IRQHandler
                0x0000000008001138                EXTI9_5_IRQHandler
                0x0000000008001138                SPI2_IRQHandler
                0x0000000008001138                USB_LP_CAN_RX0_IRQHandler
                0x0000000008001138                DMA1_Channel5_IRQHandler
                0x0000000008001138                EXTI4_IRQHandler
                0x0000000008001138                DMA1_Channel3_IRQHandler
                0x0000000008001138                FSMC_IRQHandler
                0x0000000008001138                TIM1_UP_IRQHandler
                0x0000000008001138                WWDG_IRQHandler
                0x0000000008001138                TIM2_IRQHandler
                0x0000000008001138                TIM1_BRK_IRQHandler
                0x0000000008001138                EXTI1_IRQHandler
                0x0000000008001138                RTCAlarm_IRQHandler
                0x0000000008001138                DMA2_Channel4_5_IRQHandler
                0x0000000008001138                USART2_IRQHandler
                0x0000000008001138                I2C2_ER_IRQHandler
                0x0000000008001138                DMA1_Channel2_IRQHandler
                0x0000000008001138                TIM8_BRK_IRQHandler
                0x0000000008001138                FLASH_IRQHandler
                0x0000000008001138                USART1_IRQHandler
                0x0000000008001138                SPI3_IRQHandler
                0x0000000008001138                I2C1_ER_IRQHandler
                0x0000000008001138                DMA2_Channel3_IRQHandler
 *fill*         0x000000000800113a        0x2 
 .text.__libc_init_array
                0x000000000800113c       0x48 c:/st/stm32cubeide_1.4.0/stm32cubeide/plugins/com.st.stm32cube.ide.mcu.externaltools.gnu-tools-for-stm32.7-2018-q2-update.win32_1.4.0.202007081208/tools/bin/../lib/gcc/arm-none-eabi/7.3.1/../../../../arm-none-eabi/lib/thumb/v7-m\libc_nano.a(lib_a-init.o)
                0x000000000800113c                __libc_init_array
 *(.glue_7)
 .glue_7        0x0000000008001184        0x0 linker stubs
 *(.glue_7t)
 .glue_7t       0x0000000008001184        0x0 linker stubs
 *(.eh_frame)
 .eh_frame      0x0000000008001184        0x0 c:/st/stm32cubeide_1.4.0/stm32cubeide/plugins/com.st.stm32cube.ide.mcu.externaltools.gnu-tools-for-stm32.7-2018-q2-update.win32_1.4.0.202007081208/tools/bin/../lib/gcc/arm-none-eabi/7.3.1/thumb/v7-m/crtbegin.o
 *(.init)
 .init          0x0000000008001184        0x4 c:/st/stm32cubeide_1.4.0/stm32cubeide/plugins/com.st.stm32cube.ide.mcu.externaltools.gnu-tools-for-stm32.7-2018-q2-update.win32_1.4.0.202007081208/tools/bin/../lib/gcc/arm-none-eabi/7.3.1/thumb/v7-m/crti.o
                0x0000000008001184                _init
 .init          0x0000000008001188        0x8 c:/st/stm32cubeide_1.4.0/stm32cubeide/plugins/com.st.stm32cube.ide.mcu.externaltools.gnu-tools-for-stm32.7-2018-q2-update.win32_1.4.0.202007081208/tools/bin/../lib/gcc/arm-none-eabi/7.3.1/thumb/v7-m/crtn.o
 *(.fini)
 .fini          0x0000000008001190        0x4 c:/st/stm32cubeide_1.4.0/stm32cubeide/plugins/com.st.stm32cube.ide.mcu.externaltools.gnu-tools-for-stm32.7-2018-q2-update.win32_1.4.0.202007081208/tools/bin/../lib/gcc/arm-none-eabi/7.3.1/thumb/v7-m/crti.o
                0x0000000008001190                _fini
 .fini          0x0000000008001194        0x8 c:/st/stm32cubeide_1.4.0/stm32cubeide/plugins/com.st.stm32cube.ide.mcu.externaltools.gnu-tools-for-stm32.7-2018-q2-update.win32_1.4.0.202007081208/tools/bin/../lib/gcc/arm-none-eabi/7.3.1/thumb/v7-m/crtn.o
                0x000000000800119c                . = ALIGN (0x4)
                0x000000000800119c                _etext = .

.vfp11_veneer   0x000000000800119c        0x0
 .vfp11_veneer  0x000000000800119c        0x0 linker stubs

.v4_bx          0x000000000800119c        0x0
 .v4_bx         0x000000000800119c        0x0 linker stubs

.iplt           0x000000000800119c        0x0
 .iplt          0x000000000800119c        0x0 c:/st/stm32cubeide_1.4.0/stm32cubeide/plugins/com.st.stm32cube.ide.mcu.externaltools.gnu-tools-for-stm32.7-2018-q2-update.win32_1.4.0.202007081208/tools/bin/../lib/gcc/arm-none-eabi/7.3.1/thumb/v7-m/crtbegin.o

.rodata         0x000000000800119c       0x1c
                0x000000000800119c                . = ALIGN (0x4)
 *(.rodata)
 .rodata        0x000000000800119c        0xa JARVIS/schedular.o
 *fill*         0x00000000080011a6        0x2 
 .rodata        0x00000000080011a8        0xf Src/main.o
 *(.rodata*)
                0x00000000080011b8                . = ALIGN (0x4)
 *fill*         0x00000000080011b7        0x1 

.rel.dyn        0x00000000080011b8        0x0
 .rel.iplt      0x00000000080011b8        0x0 c:/st/stm32cubeide_1.4.0/stm32cubeide/plugins/com.st.stm32cube.ide.mcu.externaltools.gnu-tools-for-stm32.7-2018-q2-update.win32_1.4.0.202007081208/tools/bin/../lib/gcc/arm-none-eabi/7.3.1/thumb/v7-m/crtbegin.o

.ARM.extab      0x00000000080011b8        0x0
                0x00000000080011b8                . = ALIGN (0x4)
 *(.ARM.extab* .gnu.linkonce.armextab.*)
                0x00000000080011b8                . = ALIGN (0x4)

.ARM            0x00000000080011b8        0x0
                0x00000000080011b8                . = ALIGN (0x4)
                0x00000000080011b8                __exidx_start = .
 *(.ARM.exidx*)
                0x00000000080011b8                __exidx_end = .
                0x00000000080011b8                . = ALIGN (0x4)

.preinit_array  0x00000000080011b8        0x0
                0x00000000080011b8                . = ALIGN (0x4)
                0x00000000080011b8                PROVIDE (__preinit_array_start = .)
 *(.preinit_array*)
                0x00000000080011b8                PROVIDE (__preinit_array_end = .)
                0x00000000080011b8                . = ALIGN (0x4)

.init_array     0x00000000080011b8        0x4
                0x00000000080011b8                . = ALIGN (0x4)
                0x00000000080011b8                PROVIDE (__init_array_start = .)
 *(SORT_BY_NAME(.init_array.*))
 *(.init_array*)
 .init_array    0x00000000080011b8        0x4 c:/st/stm32cubeide_1.4.0/stm32cubeide/plugins/com.st.stm32cube.ide.mcu.externaltools.gnu-tools-for-stm32.7-2018-q2-update.win32_1.4.0.202007081208/tools/bin/../lib/gcc/arm-none-eabi/7.3.1/thumb/v7-m/crtbegin.o
                0x00000000080011bc                PROVIDE (__init_array_end = .)
                0x00000000080011bc                . = ALIGN (0x4)

.fini_array     0x00000000080011bc        0x4
                0x00000000080011bc                . = ALIGN (0x4)
                [!provide]                        PROVIDE (__fini_array_start = .)
 *(SORT_BY_NAME(.fini_array.*))
 *(.fini_array*)
 .fini_array    0x00000000080011bc        0x4 c:/st/stm32cubeide_1.4.0/stm32cubeide/plugins/com.st.stm32cube.ide.mcu.externaltools.gnu-tools-for-stm32.7-2018-q2-update.win32_1.4.0.202007081208/tools/bin/../lib/gcc/arm-none-eabi/7.3.1/thumb/v7-m/crtbegin.o
                [!provide]                        PROVIDE (__fini_array_end = .)
                0x00000000080011c0                . = ALIGN (0x4)
                0x00000000080011c0                _sidata = LOADADDR (.data)

.data           0x0000000020000000        0x0 load address 0x00000000080011c0
                0x0000000020000000                . = ALIGN (0x4)
                0x0000000020000000                _sdata = .
 *(.data)
 *(.data*)
 *(.RamFunc)
 *(.RamFunc*)
                0x0000000020000000                . = ALIGN (0x4)
                0x0000000020000000                _edata = .

.igot.plt       0x0000000020000000        0x0 load address 0x00000000080011c0
 .igot.plt      0x0000000020000000        0x0 c:/st/stm32cubeide_1.4.0/stm32cubeide/plugins/com.st.stm32cube.ide.mcu.externaltools.gnu-tools-for-stm32.7-2018-q2-update.win32_1.4.0.202007081208/tools/bin/../lib/gcc/arm-none-eabi/7.3.1/thumb/v7-m/crtbegin.o
                0x0000000020000000                . = ALIGN (0x4)

.bss            0x0000000020000000      0x5ac load address 0x00000000080011c0
                0x0000000020000000                _sbss = .
                0x0000000020000000                __bss_start__ = _sbss
 *(.bss)
 .bss           0x0000000020000000       0x1c c:/st/stm32cubeide_1.4.0/stm32cubeide/plugins/com.st.stm32cube.ide.mcu.externaltools.gnu-tools-for-stm32.7-2018-q2-update.win32_1.4.0.202007081208/tools/bin/../lib/gcc/arm-none-eabi/7.3.1/thumb/v7-m/crtbegin.o
 *(.bss*)
 *(COMMON)
 COMMON         0x000000002000001c      0x384 JARVIS/CortexMX_OS_Porting.o
                0x000000002000001c                IdleTask
                0x0000000020000050                OS_Ready_Arr
                0x00000000200001e0                OS_Control
                0x000000002000038c                OS_Ready_Queue
 COMMON         0x00000000200003a0      0x20c Src/main.o
                0x00000000200003a0                g_task1
                0x00000000200003a4                Task1
                0x00000000200003d8                g_task2
                0x00000000200003dc                Task2
                0x0000000020000410                g_Mutex1
                0x00000000200005a8                g_idleTask
                0x00000000200005ac                . = ALIGN (0x4)
                0x00000000200005ac                _ebss = .
                0x00000000200005ac                __bss_end__ = _ebss

._user_heap_stack
                0x00000000200005ac      0x204 load address 0x00000000080011c0
                0x00000000200005b0                . = ALIGN (0x8)
 *fill*         0x00000000200005ac        0x4 
                [!provide]                        PROVIDE (end = .)
                0x00000000200005b0                PROVIDE (_end = .)
                0x00000000200007b0                . = (. + _Min_Heap_Size)
 *fill*         0x00000000200005b0      0x200 
                0x00000000200007b0                . = ALIGN (0x8)
                0x00000000200007b0                _eheap = .

/DISCARD/
 libc.a(*)
 libm.a(*)
 libgcc.a(*)

.ARM.attributes
                0x0000000000000000       0x29
 *(.ARM.attributes)
 .ARM.attributes
                0x0000000000000000       0x1d c:/st/stm32cubeide_1.4.0/stm32cubeide/plugins/com.st.stm32cube.ide.mcu.externaltools.gnu-tools-for-stm32.7-2018-q2-update.win32_1.4.0.202007081208/tools/bin/../lib/gcc/arm-none-eabi/7.3.1/thumb/v7-m/crti.o
 .ARM.attributes
                0x000000000000001d       0x2d c:/st/stm32cubeide_1.4.0/stm32cubeide/plugins/com.st.stm32cube.ide.mcu.externaltools.gnu-tools-for-stm32.7-2018-q2-update.win32_1.4.0.202007081208/tools/bin/../lib/gcc/arm-none-eabi/7.3.1/thumb/v7-m/crtbegin.o
 .ARM.attributes
                0x000000000000004a       0x33 JARVIS/CortexMX_OS_Porting.o
 .ARM.attributes
                0x000000000000007d       0x33 JARVIS/JARVIS_OS_FIFO.o
 .ARM.attributes
                0x00000000000000b0       0x33 JARVIS/schedular.o
 .ARM.attributes
                0x00000000000000e3       0x33 Src/main.o
 .ARM.attributes
                0x0000000000000116       0x21 Startup/startup_stm32f103c8tx.o
 .ARM.attributes
                0x0000000000000137       0x2d c:/st/stm32cubeide_1.4.0/stm32cubeide/plugins/com.st.stm32cube.ide.mcu.externaltools.gnu-tools-for-stm32.7-2018-q2-update.win32_1.4.0.202007081208/tools/bin/../lib/gcc/arm-none-eabi/7.3.1/../../../../arm-none-eabi/lib/thumb/v7-m\libc_nano.a(lib_a-init.o)
 .ARM.attributes
                0x0000000000000164       0x1d c:/st/stm32cubeide_1.4.0/stm32cubeide/plugins/com.st.stm32cube.ide.mcu.externaltools.gnu-tools-for-stm32.7-2018-q2-update.win32_1.4.0.202007081208/tools/bin/../lib/gcc/arm-none-eabi/7.3.1/thumb/v7-m/crtn.o
OUTPUT(JARVIS_RTOS_PROJECt.axf elf32-littlearm)

.debug_info     0x0000000000000000     0x3f02
 .debug_info    0x0000000000000000     0x1217 JARVIS/CortexMX_OS_Porting.o
 .debug_info    0x0000000000001217      0xce4 JARVIS/JARVIS_OS_FIFO.o
 .debug_info    0x0000000000001efb     0x1379 JARVIS/schedular.o
 .debug_info    0x0000000000003274      0xc6c Src/main.o
 .debug_info    0x0000000000003ee0       0x22 Startup/startup_stm32f103c8tx.o

.debug_abbrev   0x0000000000000000      0xa0e
 .debug_abbrev  0x0000000000000000      0x2aa JARVIS/CortexMX_OS_Porting.o
 .debug_abbrev  0x00000000000002aa      0x1dd JARVIS/JARVIS_OS_FIFO.o
 .debug_abbrev  0x0000000000000487      0x3a2 JARVIS/schedular.o
 .debug_abbrev  0x0000000000000829      0x1d3 Src/main.o
 .debug_abbrev  0x00000000000009fc       0x12 Startup/startup_stm32f103c8tx.o

.debug_loc      0x0000000000000000      0xbbc
 .debug_loc     0x0000000000000000      0x2b0 JARVIS/CortexMX_OS_Porting.o
 .debug_loc     0x00000000000002b0      0x1c0 JARVIS/JARVIS_OS_FIFO.o
 .debug_loc     0x0000000000000470      0x684 JARVIS/schedular.o
 .debug_loc     0x0000000000000af4       0xc8 Src/main.o

.debug_aranges  0x0000000000000000      0x1e0
 .debug_aranges
                0x0000000000000000       0x78 JARVIS/CortexMX_OS_Porting.o
 .debug_aranges
                0x0000000000000078       0x40 JARVIS/JARVIS_OS_FIFO.o
 .debug_aranges
                0x00000000000000b8       0xc8 JARVIS/schedular.o
 .debug_aranges
                0x0000000000000180       0x38 Src/main.o
 .debug_aranges
                0x00000000000001b8       0x28 Startup/startup_stm32f103c8tx.o

.debug_ranges   0x0000000000000000      0x198
 .debug_ranges  0x0000000000000000       0x68 JARVIS/CortexMX_OS_Porting.o
 .debug_ranges  0x0000000000000068       0x30 JARVIS/JARVIS_OS_FIFO.o
 .debug_ranges  0x0000000000000098       0xb8 JARVIS/schedular.o
 .debug_ranges  0x0000000000000150       0x28 Src/main.o
 .debug_ranges  0x0000000000000178       0x20 Startup/startup_stm32f103c8tx.o

.debug_line     0x0000000000000000     0x172c
 .debug_line    0x0000000000000000      0x589 JARVIS/CortexMX_OS_Porting.o
 .debug_line    0x0000000000000589      0x51b JARVIS/JARVIS_OS_FIFO.o
 .debug_line    0x0000000000000aa4      0x7f8 JARVIS/schedular.o
 .debug_line    0x000000000000129c      0x40c Src/main.o
 .debug_line    0x00000000000016a8       0x84 Startup/startup_stm32f103c8tx.o

.debug_str      0x0000000000000000     0x1001
 .debug_str     0x0000000000000000      0xa5c JARVIS/CortexMX_OS_Porting.o
                                        0xb19 (size before relaxing)
 .debug_str     0x0000000000000a5c       0xb5 JARVIS/JARVIS_OS_FIFO.o
                                        0x806 (size before relaxing)
 .debug_str     0x0000000000000b11      0x464 JARVIS/schedular.o
                                        0xcba (size before relaxing)
 .debug_str     0x0000000000000f75       0x5b Src/main.o
                                        0x7fe (size before relaxing)
 .debug_str     0x0000000000000fd0       0x31 Startup/startup_stm32f103c8tx.o
                                         0x78 (size before relaxing)

.comment        0x0000000000000000       0x7b
 .comment       0x0000000000000000       0x7b JARVIS/CortexMX_OS_Porting.o
                                         0x7c (size before relaxing)
 .comment       0x000000000000007b       0x7c JARVIS/JARVIS_OS_FIFO.o
 .comment       0x000000000000007b       0x7c JARVIS/schedular.o
 .comment       0x000000000000007b       0x7c Src/main.o

.debug_frame    0x0000000000000000      0x60c
 .debug_frame   0x0000000000000000      0x170 JARVIS/CortexMX_OS_Porting.o
 .debug_frame   0x0000000000000170       0xd4 JARVIS/JARVIS_OS_FIFO.o
 .debug_frame   0x0000000000000244      0x318 JARVIS/schedular.o
 .debug_frame   0x000000000000055c       0x84 Src/main.o
 .debug_frame   0x00000000000005e0       0x2c c:/st/stm32cubeide_1.4.0/stm32cubeide/plugins/com.st.stm32cube.ide.mcu.externaltools.gnu-tools-for-stm32.7-2018-q2-update.win32_1.4.0.202007081208/tools/bin/../lib/gcc/arm-none-eabi/7.3.1/../../../../arm-none-eabi/lib/thumb/v7-m\libc_nano.a(lib_a-init.o)
