schedular.c:19:26:IdleHook	4	static,ignoring_inline_asm
schedular.c:24:6:JARVIS_IdleTask	8	static,ignoring_inline_asm
schedular.c:38:12:OS_CreateMainStack	16	static
schedular.c:61:12:Jarvis_init	16	static
schedular.c:108:12:CreateTaskStack	24	static
schedular.c:174:12:Jarvis_CreateTask	24	static
schedular.c:221:6:Sort_Schedular_Table	16	static
schedular.c:240:12:UpdateReadyQueue	24	static
schedular.c:281:12:UpdateSchedularTable	16	static
schedular.c:294:6:Decide_NextTask	16	static
schedular.c:334:12:Jarvis_StartSchedular	8	static,ignoring_inline_asm
schedular.c:359:6:Jarvis_UpdateTasksWaitingTime	16	static
schedular.c:389:12:Jarvis_ActivateTask	24	static
schedular.c:416:12:Jarvis_TerminateTask	24	static
schedular.c:446:12:Jarvis_waitTicks	24	static
schedular.c:475:9:Jarvis_PriorityGet	16	static
schedular.c:485:12:Jarvis_PrioritySet	24	static
schedular.c:504:12:Jarvis_AcquireMutex	24	static
schedular.c:572:12:Jarvis_ReleaseMutex	32	static
schedular.c:673:6:Jarvis_TriggerSVC	16	static,ignoring_inline_asm
schedular.c:709:6:SVC_SW_HANDLER	24	static
schedular.c:788:27:PendSV_Handler	0	static,ignoring_inline_asm
